main.c:145:5:main	8	static
main.c:198:6:analyze_sound_temporal	16	static
main.c:219:6:analyze_sound_temporal_mag	24	static
main.c:302:6:analyze_sound_spectrogram	32	static
main.c:444:6:print_bird	8	static
main.c:467:6:KNN	16	static
main.c:523:6:MeanFrequency	16	static
main.c:588:6:store_FLASH	16	static
main.c:658:6:read_FLASH	8	static
main.c:674:6:SystemClock_Config	128	static
main.c:723:13:MX_ADC_Init	16	static
main.c:784:13:MX_RTC_Init	72	static
main.c:865:13:MX_SPI1_Init	8	static
main.c:903:13:MX_GPIO_Init	56	static
main.c:962:6:Error_Handler	8	static
main.c:970:6:Get_arm_fft	8	static
